// Jest Snapshot v1, https://goo.gl/fbAQLP

exports[`Modal renders correctly 1`] = `
.c0 {
  box-sizing: border-box;
  margin: 0;
  min-width: 0;
  position: fixed;
  z-index: 1000;
  width: 100%;
  height: 100%;
  top: 0;
  left: 0;
  display: -webkit-box;
  display: -webkit-flex;
  display: -ms-flexbox;
  display: flex;
  -webkit-box-pack: center;
  -webkit-justify-content: center;
  -ms-flex-pack: center;
  justify-content: center;
  -webkit-align-items: center;
  -webkit-box-align: center;
  -ms-flex-align: center;
  align-items: center;
}

.c1 {
  box-sizing: border-box;
  margin: 0;
  min-width: 0;
  background-color: #485C66;
  opacity: 0.7;
  width: 100%;
  height: 100%;
  position: absolute;
  z-index: -1;
}

.c2 {
  box-sizing: border-box;
  margin: 0;
  min-width: 0;
  position: relative;
  max-width: 900px;
  min-width: 380px !important;
  height: 500;
  background: #FFFFFF;
  border-radius: 16px;
  box-sizing: border-box;
  box-shadow: 8px 8px 16px rgba(77,91,100,0.15);
}

.c3 {
  box-sizing: border-box;
  margin: 0;
  min-width: 0;
  width: 24px;
  height: 24px;
  background-color: #FFF;
  position: absolute;
  border-radius: 50%;
  top: -7px;
  right: -7px;
  display: grid;
  place-items: center;
  cursor: pointer;
  box-shadow: 4px 4px 12px 0px rgba(87,95,99,0.25);
  z-index: 1000;
}

.c4 {
  box-sizing: border-box;
  margin: 0;
  min-width: 0;
  display: grid;
  place-items: center;
  width: 12px;
  height: 12px;
  color: #344149;
}

.c5 {
  box-sizing: border-box;
  margin: 0;
  min-width: 0;
  padding: 24px;
  display: -webkit-box;
  display: -webkit-flex;
  display: -ms-flexbox;
  display: flex;
  -webkit-flex-direction: column;
  -ms-flex-direction: column;
  flex-direction: column;
  gap: 24px;
  height: 500;
}

.c6 {
  box-sizing: border-box;
  margin: 0;
  min-width: 0;
  -webkit-align-items: center;
  -webkit-box-align: center;
  -ms-flex-align: center;
  align-items: center;
}

.c8 {
  box-sizing: border-box;
  margin: 0;
  min-width: 0;
  font-family: primary;
}

.c9 {
  box-sizing: border-box;
  margin: 0;
  min-width: 0;
}

.c10 {
  box-sizing: border-box;
  margin: 0;
  min-width: 0;
  -webkit-box-pack: end;
  -webkit-justify-content: end;
  -ms-flex-pack: end;
  justify-content: end;
  -webkit-align-items: center;
  -webkit-box-align: center;
  -ms-flex-align: center;
  align-items: center;
  gap: 24px;
}

.c7 {
  display: -webkit-box;
  display: -webkit-flex;
  display: -ms-flexbox;
  display: flex;
}

<div
  className="c0"
  tabIndex={-1}
>
  <div
    className="c1"
    onClick={[Function]}
  />
  <div
    className="c2"
  >
    <div
      className="c3"
      onClick={[Function]}
    >
      <div
        className="c4"
        color="#344149"
      >
        <i
          className="icon-cerrar"
          style={
            {
              "fontSize": "12px",
              "height": "12px",
              "width": "12px",
            }
          }
        />
      </div>
    </div>
    <div
      className="c5"
    >
      <div
        className="c6 c7"
        onClick={[Function]}
      >
        <p
          className="c8"
          style={
            {
              "color": "#344149",
              "fontWeight": "700",
            }
          }
        >
          Soy un modal grande
        </p>
      </div>
      <div
        className="c9"
      >
        <p>
          Lorem Ipsum is simply dummy text of the printing and typesetting industry. Lorem Ipsum has been the standard dummy text ever since the 1500s, when an unknown printer took a galley of type and scrambled it to make a type specimen book. It has survived not only five centuries, but also the leap into electronic typesetting, remaining essentially unchanged. It was popularised in the 1960s with the release of Letraset sheets containing Lorem Ipsum passages, and more recently with desktop publishing software like Aldus PageMaker including versions of Lorem Ipsum.
        </p>
      </div>
      <div
        className="c10 c7"
      >
        <button
          onClick={[Function]}
        >
          Label
        </button>
        <button
          onClick={[Function]}
        >
          Label
        </button>
      </div>
    </div>
  </div>
</div>
`;
