// Jest Snapshot v1, https://goo.gl/fbAQLP

exports[`Submenu renders correctly 1`] = `
.c0 {
  box-sizing: border-box;
  margin: 0;
  min-width: 0;
  position: relative;
}

.c1 {
  box-sizing: border-box;
  margin: 0;
  min-width: 0;
  display: -webkit-box;
  display: -webkit-flex;
  display: -ms-flexbox;
  display: flex;
  width: -webkit-fit-content;
  width: -moz-fit-content;
  width: fit-content;
}

.c2 {
  box-sizing: border-box;
  margin: 0;
  min-width: 0;
  -webkit-appearance: none;
  -moz-appearance: none;
  appearance: none;
  display: -webkit-box;
  display: -webkit-flex;
  display: -ms-flexbox;
  display: flex;
  line-height: inherit;
  font-family: Nunito Sans;
  font-weight: normal;
  text-align: center;
  -webkit-text-decoration: none;
  text-decoration: none;
  cursor: pointer;
  outline: none;
  border: 0;
  -webkit-flex-direction: row;
  -ms-flex-direction: row;
  flex-direction: row;
  -webkit-box-pack: center;
  -webkit-justify-content: center;
  -ms-flex-pack: center;
  justify-content: center;
  -webkit-align-items: center;
  -webkit-box-align: center;
  -ms-flex-align: center;
  align-items: center;
  white-space: nowrap;
  position: relative;
}

.c3 {
  box-sizing: border-box;
  margin: 0;
  min-width: 0;
  display: grid;
  place-items: center;
  width: 18px;
  height: 18px;
}

.c4 {
  box-sizing: border-box;
  margin: 0;
  min-width: 0;
  -webkit-appearance: none;
  -moz-appearance: none;
  appearance: none;
  display: -webkit-box;
  display: -webkit-flex;
  display: -ms-flexbox;
  display: flex;
  -webkit-align-items: flex-start;
  -webkit-box-align: flex-start;
  -ms-flex-align: flex-start;
  align-items: flex-start;
  border: none;
  font-family: Nunito Sans;
  -webkit-box-pack: center;
  -webkit-justify-content: center;
  -ms-flex-pack: center;
  justify-content: center;
}

.c5 {
  box-sizing: border-box;
  margin: 0;
  min-width: 0;
  font-family: primary;
}

.c6 {
  box-sizing: border-box;
  margin: 0;
  min-width: 0;
  position: absolute;
  background: inherit;
  -webkit-transform: translate(-50%);
  -ms-transform: translate(-50%);
  transform: translate(-50%);
}

<div
  style={
    {
      "background": "#F3F6F8",
      "borderRadius": "10px",
      "padding": "20px",
    }
  }
>
  <div
    className="c0"
  >
    <div
      aria-describedby="tooltip0"
      className="c1"
      id="parent0"
    >
      <div
        className="c0"
      >
        <button
          className="c2"
          type="button"
        >
          <div
            className="c3"
            style={
              {
                "color": "#485C66",
              }
            }
          >
            <i
              className="icon-propiedades"
              style={
                {
                  "fontSize": "18px",
                  "height": "18px",
                  "width": "18px",
                }
              }
            />
          </div>
        </button>
      </div>
    </div>
  </div>
  <div
    id="tooltip0"
    role="tooltip0"
    style={
      {
        "visibility": "visible",
        "width": "fit-content",
      }
    }
  >
    <div
      className="c0"
    >
      <div
        className="c4"
      >
        <p
          className="c5"
        >
          Sitios Webs
        </p>
      </div>
      <div
        className="c6"
        data-popper-arrow={true}
        id="arrow"
      />
    </div>
  </div>
</div>
`;
