// Jest Snapshot v1, https://goo.gl/fbAQLP

exports[`Dropdown DropdownDefault 1`] = `
.c0 {
  box-sizing: border-box;
  margin: 0;
  min-width: 0;
  position: relative;
  height: 200px;
}

.c1 {
  box-sizing: border-box;
  margin: 0;
  min-width: 0;
  position: relative;
}

.c2 {
  box-sizing: border-box;
  margin: 0;
  min-width: 0;
  -webkit-appearance: none;
  -moz-appearance: none;
  appearance: none;
  display: -webkit-box;
  display: -webkit-flex;
  display: -ms-flexbox;
  display: flex;
  line-height: inherit;
  font-family: Nunito Sans;
  text-align: center;
  -webkit-text-decoration: none;
  text-decoration: none;
  cursor: pointer;
  outline: none;
  border: 0;
  -webkit-flex-direction: row;
  -ms-flex-direction: row;
  flex-direction: row;
  -webkit-align-items: center;
  -webkit-box-align: center;
  -ms-flex-align: center;
  align-items: center;
  white-space: nowrap;
  -webkit-box-pack: center;
  -webkit-justify-content: center;
  -ms-flex-pack: center;
  justify-content: center;
  font-weight: bold;
  border-radius: 12px;
  display: -webkit-box;
  display: -webkit-flex;
  display: -ms-flexbox;
  display: flex;
  -webkit-flex-direction: row;
  -ms-flex-direction: row;
  flex-direction: row;
  -webkit-align-items: center;
  -webkit-box-align: center;
  -ms-flex-align: center;
  align-items: center;
  text-overflow: ellipsis;
  font-family: Nunito Sans;
  overflow: hidden;
  white-space: nowrap;
  text-align: start;
  color: #FFFFFF;
  background-color: #6A88F2;
  -webkit-box-pack: start;
  -webkit-justify-content: flex-start;
  -ms-flex-pack: start;
  justify-content: flex-start;
}

.c2 span {
  -webkit-flex: 1;
  -ms-flex: 1;
  flex: 1;
}

.c3 {
  box-sizing: border-box;
  margin: 0;
  min-width: 0;
  display: -webkit-inline-box;
  display: -webkit-inline-flex;
  display: -ms-inline-flexbox;
  display: inline-flex;
  -webkit-box-pack: start;
  -webkit-justify-content: start;
  -ms-flex-pack: start;
  justify-content: start;
  -webkit-align-items: center;
  -webkit-box-align: center;
  -ms-flex-align: center;
  align-items: center;
  cursor: default;
  pointer-events: none;
  -webkit-user-select: none;
  -moz-user-select: none;
  -ms-user-select: none;
  user-select: none;
  font-size: 16px;
  color: darkGray;
  width: 100%;
}

.c4 {
  box-sizing: border-box;
  margin: 0;
  min-width: 0;
  -webkit-appearance: none;
  -moz-appearance: none;
  appearance: none;
  display: -webkit-box;
  display: -webkit-flex;
  display: -ms-flexbox;
  display: flex;
  line-height: inherit;
  font-family: Nunito Sans;
  text-align: center;
  -webkit-text-decoration: none;
  text-decoration: none;
  cursor: pointer;
  outline: none;
  border: 0;
  -webkit-flex-direction: row;
  -ms-flex-direction: row;
  flex-direction: row;
  -webkit-align-items: center;
  -webkit-box-align: center;
  -ms-flex-align: center;
  align-items: center;
  white-space: nowrap;
  -webkit-box-pack: center;
  -webkit-justify-content: center;
  -ms-flex-pack: center;
  justify-content: center;
  font-weight: bold;
  border-radius: 12px;
}

.c5 {
  box-sizing: border-box;
  margin: 0;
  min-width: 0;
  font-family: primary;
}

.c6 {
  box-sizing: border-box;
  margin: 0;
  min-width: 0;
  display: -webkit-inline-box;
  display: -webkit-inline-flex;
  display: -ms-inline-flexbox;
  display: inline-flex;
  -webkit-box-pack: start;
  -webkit-justify-content: start;
  -ms-flex-pack: start;
  justify-content: start;
  -webkit-align-items: center;
  -webkit-box-align: center;
  -ms-flex-align: center;
  align-items: center;
  cursor: pointer;
  font-size: 16px;
  color: darkGray;
  width: 100%;
}

@media screen and (min-width:40em) {

}

@media screen and (min-width:40em) {

}

<div
  className="c0"
>
  <div
    className="c1"
  >
    <button
      className="c2"
      id="button"
      type="button"
    >
      <i
        className="icon-cerrar"
        style={
          {
            "fontSize": "16px",
            "height": "16px",
            "width": "16px",
          }
        }
      />
      <span
        style={
          {
            "color": "#FFFFFF",
            "overflow": "hidden",
            "textOverflow": "ellipsis",
            "width": "95%",
          }
        }
      />
      <i
        className="icon-dropdown"
        style={
          {
            "fontSize": "12px",
            "height": "12px",
            "width": "12px",
          }
        }
      />
    </button>
  </div>
  <li
    className="c3"
    width={1}
  >
    <div
      style={
        {
          "width": "100%",
        }
      }
    >
      <div
        className="c1"
      >
        <button
          className="c4"
          style={
            {
              "borderRadius": "0px",
            }
          }
          type="button"
        >
          <p
            className="c5"
            style={
              {
                "padding": "9px 12px 9px 12px",
              }
            }
          >
            One
          </p>
        </button>
      </div>
    </div>
  </li>
  <li
    className="c6"
    width={1}
  >
    <div
      style={
        {
          "width": "100%",
        }
      }
    >
      <div
        className="c1"
      >
        <button
          className="c4"
          style={
            {
              "borderRadius": "0px",
            }
          }
          type="button"
        >
          <p
            className="c5"
            style={
              {
                "padding": "9px 12px 9px 12px",
              }
            }
          >
            Two
          </p>
        </button>
      </div>
    </div>
  </li>
</div>
`;

exports[`Dropdown DropdownItem 1`] = `
.c1 {
  box-sizing: border-box;
  margin: 0;
  min-width: 0;
  position: relative;
  height: 200px;
}

.c2 {
  box-sizing: border-box;
  margin: 0;
  min-width: 0;
  position: relative;
}

.c3 {
  box-sizing: border-box;
  margin: 0;
  min-width: 0;
  -webkit-appearance: none;
  -moz-appearance: none;
  appearance: none;
  display: -webkit-box;
  display: -webkit-flex;
  display: -ms-flexbox;
  display: flex;
  line-height: inherit;
  font-family: Nunito Sans;
  text-align: center;
  -webkit-text-decoration: none;
  text-decoration: none;
  cursor: pointer;
  outline: none;
  border: 0;
  -webkit-flex-direction: row;
  -ms-flex-direction: row;
  flex-direction: row;
  -webkit-align-items: center;
  -webkit-box-align: center;
  -ms-flex-align: center;
  align-items: center;
  white-space: nowrap;
  -webkit-box-pack: center;
  -webkit-justify-content: center;
  -ms-flex-pack: center;
  justify-content: center;
  font-weight: bold;
  border-radius: 12px;
  display: -webkit-box;
  display: -webkit-flex;
  display: -ms-flexbox;
  display: flex;
  -webkit-flex-direction: row;
  -ms-flex-direction: row;
  flex-direction: row;
  -webkit-align-items: center;
  -webkit-box-align: center;
  -ms-flex-align: center;
  align-items: center;
  text-overflow: ellipsis;
  font-family: Nunito Sans;
  overflow: hidden;
  white-space: nowrap;
  text-align: start;
  -webkit-box-pack: center;
  -webkit-justify-content: center;
  -ms-flex-pack: center;
  justify-content: center;
}

.c3 span {
  -webkit-flex: 1;
  -ms-flex: 1;
  flex: 1;
}

.c4 {
  box-sizing: border-box;
  margin: 0;
  min-width: 0;
  padding-top: 10px;
  padding-bottom: 10px;
  padding-left: 16px;
  padding-right: 16px;
  display: -webkit-inline-box;
  display: -webkit-inline-flex;
  display: -ms-inline-flexbox;
  display: inline-flex;
  -webkit-align-items: center;
  -webkit-box-align: center;
  -ms-flex-align: center;
  align-items: center;
  font-family: primary;
  cursor: pointer;
  font-size: 16px;
  color: darkGray;
  width: 100%;
}

.c5 {
  box-sizing: border-box;
  margin: 0;
  min-width: 0;
  width: 18px;
  height: 18px;
}

.c6 {
  box-sizing: border-box;
  margin: 0;
  min-width: 0;
  position: absolute;
  opacity: 0;
  overflow: hidden;
  width: 18px;
  height: 18px;
  cursor: pointer;
}

.c10 {
  box-sizing: border-box;
  margin: 0;
  min-width: 0;
  margin-right: 8px;
  border-radius: 2px;
  color: gray;
}

input:checked ~ .c0 {
  color: primary;
}

input:focus ~ .c0 {
  box-shadow: active;
}

.c7 {
  box-sizing: border-box;
  margin: 0;
  min-width: 0;
  margin-right: 8px;
  border-radius: 2px;
  color: gray;
  width: 16px;
  height: 16px;
}

input:checked ~ .c0 {
  color: primary;
}

input:focus ~ .c0 {
  box-shadow: active;
}

.c17 {
  box-sizing: border-box;
  margin: 0;
  min-width: 0;
  font-family: primary;
}

.c9 {
  display: none;
}

input:checked:not(:disabled) ~ .c8 {
  display: block;
}

.c12 {
  display: none;
}

input:not(:checked):not(:disabled) ~ .c11 {
  display: block;
}

.c16 {
  display: none;
}

input:checked:disabled ~ .c15 {
  display: block;
}

.c14 {
  display: none;
}

input:disabled:not(:checked) ~ .c13 {
  display: block;
}

@media screen and (min-width:40em) {

}

<div
  className="c0 c1"
>
  <div
    className="c0 c2"
  >
    <button
      className="c0 c3"
      id="button"
      onClick={[Function]}
      type="button"
    >
      <i
        className="icon-cerrar"
        style={
          {
            "fontSize": "16px",
            "height": "16px",
            "width": "16px",
          }
        }
      />
      <span />
      <i
        className="icon-dropdown"
        style={
          {
            "fontSize": "16px",
            "height": "16px",
            "width": "16px",
          }
        }
      />
    </button>
  </div>
  <li
    className="c0 c4"
    width={1}
  >
    <div
      className="c0 c5"
    >
      <input
        className="c0 c6"
        type="checkbox"
      />
      <svg
        aria-hidden="true"
        className="c0 c7 c8 c9 c0 c10"
        fill="none"
        height={16}
        viewBox="0 0 16 16"
        width={16}
        xmlns="http://www.w3.org/2000/svg"
      >
        <rect
          fill="#6A88F2"
          height="15"
          rx="4"
          ry="4"
          stroke="#6A88F2"
          width="15"
          x="0.5"
          y="0.5"
        />
        <path
          d="M 5,8 L 7,10 L 12,5"
          stroke="white"
          strokeLinecap="round"
          strokeWidth="1.5"
        />
      </svg>
      <svg
        aria-hidden="true"
        className="c0 c7 c11 c12 c0 c10"
        fill="none"
        height={16}
        viewBox="0 0 16 16"
        width={16}
        xmlns="http://www.w3.org/2000/svg"
      >
        <rect
          fill="white"
          height="15"
          rx="4"
          ry="4"
          stroke="#C1CCD0"
          width="15"
          x="0.5"
          y="0.5"
        />
      </svg>
      <svg
        aria-hidden="true"
        className="c0 c7 c13 c14 c0 c10"
        fill="none"
        height={16}
        viewBox="0 0 16 16"
        width={16}
        xmlns="http://www.w3.org/2000/svg"
      >
        <rect
          fill="#EFF2F3"
          height="15"
          rx="4"
          ry="4"
          stroke="#EFF2F3"
          width="15"
          x="0.5"
          y="0.5"
        />
      </svg>
      <svg
        aria-hidden="true"
        className="c0 c7 c15 c16 c0 c10"
        fill="none"
        height={16}
        viewBox="0 0 16 16"
        width={16}
        xmlns="http://www.w3.org/2000/svg"
      >
        <rect
          fill="#EFF2F3"
          height="15"
          rx="4"
          ry="4"
          stroke="#EFF2F3"
          width="15"
          x="0.5"
          y="0.5"
        />
        <path
          d="M 5,8 L 7,10 L 12,5"
          stroke="#C1CCD0"
          strokeLinecap="round"
          strokeWidth="1.5"
        />
      </svg>
    </div>
    <p
      className="c0 c17"
      style={
        {
          "padding": "9px 12px 9px 12px",
        }
      }
    >
      One
    </p>
  </li>
  <li
    className="c0 c4"
    width={1}
  >
    <div
      className="c0 c5"
    >
      <input
        className="c0 c6"
        type="checkbox"
      />
      <svg
        aria-hidden="true"
        className="c0 c7 c8 c9 c0 c10"
        fill="none"
        height={16}
        viewBox="0 0 16 16"
        width={16}
        xmlns="http://www.w3.org/2000/svg"
      >
        <rect
          fill="#6A88F2"
          height="15"
          rx="4"
          ry="4"
          stroke="#6A88F2"
          width="15"
          x="0.5"
          y="0.5"
        />
        <path
          d="M 5,8 L 7,10 L 12,5"
          stroke="white"
          strokeLinecap="round"
          strokeWidth="1.5"
        />
      </svg>
      <svg
        aria-hidden="true"
        className="c0 c7 c11 c12 c0 c10"
        fill="none"
        height={16}
        viewBox="0 0 16 16"
        width={16}
        xmlns="http://www.w3.org/2000/svg"
      >
        <rect
          fill="white"
          height="15"
          rx="4"
          ry="4"
          stroke="#C1CCD0"
          width="15"
          x="0.5"
          y="0.5"
        />
      </svg>
      <svg
        aria-hidden="true"
        className="c0 c7 c13 c14 c0 c10"
        fill="none"
        height={16}
        viewBox="0 0 16 16"
        width={16}
        xmlns="http://www.w3.org/2000/svg"
      >
        <rect
          fill="#EFF2F3"
          height="15"
          rx="4"
          ry="4"
          stroke="#EFF2F3"
          width="15"
          x="0.5"
          y="0.5"
        />
      </svg>
      <svg
        aria-hidden="true"
        className="c0 c7 c15 c16 c0 c10"
        fill="none"
        height={16}
        viewBox="0 0 16 16"
        width={16}
        xmlns="http://www.w3.org/2000/svg"
      >
        <rect
          fill="#EFF2F3"
          height="15"
          rx="4"
          ry="4"
          stroke="#EFF2F3"
          width="15"
          x="0.5"
          y="0.5"
        />
        <path
          d="M 5,8 L 7,10 L 12,5"
          stroke="#C1CCD0"
          strokeLinecap="round"
          strokeWidth="1.5"
        />
      </svg>
    </div>
    <p
      className="c0 c17"
      style={
        {
          "padding": "9px 12px 9px 12px",
        }
      }
    >
      Two
    </p>
  </li>
</div>
`;

exports[`Dropdown DropdownListIcon 1`] = `
.c0 {
  box-sizing: border-box;
  margin: 0;
  min-width: 0;
  position: relative;
  height: 200px;
}

.c1 {
  box-sizing: border-box;
  margin: 0;
  min-width: 0;
  display: -webkit-inline-box;
  display: -webkit-inline-flex;
  display: -ms-inline-flexbox;
  display: inline-flex;
  -webkit-box-pack: start;
  -webkit-justify-content: start;
  -ms-flex-pack: start;
  justify-content: start;
  -webkit-align-items: center;
  -webkit-box-align: center;
  -ms-flex-align: center;
  align-items: center;
  cursor: default;
  pointer-events: none;
  -webkit-user-select: none;
  -moz-user-select: none;
  -ms-user-select: none;
  user-select: none;
  font-size: 16px;
  color: darkGray;
  width: 100%;
}

.c2 {
  box-sizing: border-box;
  margin: 0;
  min-width: 0;
  position: relative;
}

.c3 {
  box-sizing: border-box;
  margin: 0;
  min-width: 0;
  -webkit-appearance: none;
  -moz-appearance: none;
  appearance: none;
  display: -webkit-box;
  display: -webkit-flex;
  display: -ms-flexbox;
  display: flex;
  line-height: inherit;
  font-family: Nunito Sans;
  font-weight: normal;
  text-align: center;
  -webkit-text-decoration: none;
  text-decoration: none;
  cursor: pointer;
  outline: none;
  border: 0;
  -webkit-flex-direction: row;
  -ms-flex-direction: row;
  flex-direction: row;
  -webkit-box-pack: center;
  -webkit-justify-content: center;
  -ms-flex-pack: center;
  justify-content: center;
  -webkit-align-items: center;
  -webkit-box-align: center;
  -ms-flex-align: center;
  align-items: center;
  white-space: nowrap;
  position: relative;
}

.c4 {
  box-sizing: border-box;
  margin: 0;
  min-width: 0;
  font-family: primary;
}

.c5 {
  box-sizing: border-box;
  margin: 0;
  min-width: 0;
  display: -webkit-inline-box;
  display: -webkit-inline-flex;
  display: -ms-inline-flexbox;
  display: inline-flex;
  -webkit-box-pack: start;
  -webkit-justify-content: start;
  -ms-flex-pack: start;
  justify-content: start;
  -webkit-align-items: center;
  -webkit-box-align: center;
  -ms-flex-align: center;
  align-items: center;
  cursor: pointer;
  font-size: 16px;
  color: darkGray;
  width: 100%;
}

@media screen and (min-width:40em) {

}

<div
  className="c0"
>
  <li
    className="c1"
    width={1}
  >
    <div
      style={
        {
          "width": "100%",
        }
      }
    >
      <div
        className="c2"
      >
        <button
          className="c3"
          style={
            {
              "borderRadius": "0px",
            }
          }
          type="button"
        >
          <span>
            <p
              className="c4"
              style={
                {
                  "padding": "9px 12px 9px 12px",
                }
              }
            >
              One
            </p>
          </span>
        </button>
      </div>
    </div>
  </li>
  <li
    className="c5"
    width={1}
  >
    <div
      style={
        {
          "width": "100%",
        }
      }
    >
      <div
        className="c2"
      >
        <button
          className="c3"
          style={
            {
              "borderRadius": "0px",
            }
          }
          type="button"
        >
          <span>
            <p
              className="c4"
              style={
                {
                  "padding": "9px 12px 9px 12px",
                }
              }
            >
              Two
            </p>
          </span>
        </button>
      </div>
    </div>
  </li>
</div>
`;

exports[`Dropdown DropdownListMultiselect 1`] = `
.c1 {
  box-sizing: border-box;
  margin: 0;
  min-width: 0;
  position: relative;
  height: 200px;
}

.c2 {
  box-sizing: border-box;
  margin: 0;
  min-width: 0;
  position: relative;
}

.c3 {
  box-sizing: border-box;
  margin: 0;
  min-width: 0;
  -webkit-appearance: none;
  -moz-appearance: none;
  appearance: none;
  display: -webkit-box;
  display: -webkit-flex;
  display: -ms-flexbox;
  display: flex;
  line-height: inherit;
  font-family: Nunito Sans;
  font-weight: 400;
  text-align: center;
  -webkit-text-decoration: none;
  text-decoration: none;
  cursor: pointer;
  outline: none;
  border: 0;
  -webkit-flex-direction: row;
  -ms-flex-direction: row;
  flex-direction: row;
  -webkit-box-pack: center;
  -webkit-justify-content: center;
  -ms-flex-pack: center;
  justify-content: center;
  -webkit-align-items: center;
  -webkit-box-align: center;
  -ms-flex-align: center;
  align-items: center;
  white-space: nowrap;
  position: relative;
}

.c4 {
  box-sizing: border-box;
  margin: 0;
  min-width: 0;
  display: -webkit-inline-box;
  display: -webkit-inline-flex;
  display: -ms-inline-flexbox;
  display: inline-flex;
  -webkit-box-pack: start;
  -webkit-justify-content: start;
  -ms-flex-pack: start;
  justify-content: start;
  -webkit-align-items: center;
  -webkit-box-align: center;
  -ms-flex-align: center;
  align-items: center;
  cursor: default;
  pointer-events: none;
  -webkit-user-select: none;
  -moz-user-select: none;
  -ms-user-select: none;
  user-select: none;
  font-size: 16px;
  color: darkGray;
  width: 100%;
}

.c5 {
  box-sizing: border-box;
  margin: 0;
  min-width: 0;
  position: relative;
  width: 100%;
}

.c6 {
  box-sizing: border-box;
  margin: 0;
  min-width: 0;
  -webkit-appearance: none;
  -moz-appearance: none;
  appearance: none;
  display: -webkit-box;
  display: -webkit-flex;
  display: -ms-flexbox;
  display: flex;
  line-height: inherit;
  font-family: Nunito Sans;
  font-weight: normal;
  text-align: center;
  -webkit-text-decoration: none;
  text-decoration: none;
  cursor: pointer;
  outline: none;
  border: 0;
  -webkit-flex-direction: row;
  -ms-flex-direction: row;
  flex-direction: row;
  width: 100%;
  -webkit-align-items: center;
  -webkit-box-align: center;
  -ms-flex-align: center;
  align-items: center;
  white-space: nowrap;
  position: relative;
}

.c7 {
  box-sizing: border-box;
  margin: 0;
  min-width: 0;
  width: 18px;
  height: 18px;
}

.c8 {
  box-sizing: border-box;
  margin: 0;
  min-width: 0;
  position: absolute;
  opacity: 0;
  overflow: hidden;
  width: 18px;
  height: 18px;
  cursor: pointer;
}

.c12 {
  box-sizing: border-box;
  margin: 0;
  min-width: 0;
  margin-right: 8px;
  border-radius: 2px;
  color: gray;
}

input:checked ~ .c0 {
  color: primary;
}

input:focus ~ .c0 {
  box-shadow: active;
}

.c9 {
  box-sizing: border-box;
  margin: 0;
  min-width: 0;
  margin-right: 8px;
  border-radius: 2px;
  color: gray;
  width: 16px;
  height: 16px;
}

input:checked ~ .c0 {
  color: primary;
}

input:focus ~ .c0 {
  box-shadow: active;
}

.c19 {
  box-sizing: border-box;
  margin: 0;
  min-width: 0;
  font-family: primary;
}

.c20 {
  box-sizing: border-box;
  margin: 0;
  min-width: 0;
  display: -webkit-inline-box;
  display: -webkit-inline-flex;
  display: -ms-inline-flexbox;
  display: inline-flex;
  -webkit-box-pack: start;
  -webkit-justify-content: start;
  -ms-flex-pack: start;
  justify-content: start;
  -webkit-align-items: center;
  -webkit-box-align: center;
  -ms-flex-align: center;
  align-items: center;
  cursor: pointer;
  font-size: 16px;
  color: darkGray;
  width: 100%;
}

.c21 {
  box-sizing: border-box;
  margin: 0;
  min-width: 0;
  -webkit-appearance: none;
  -moz-appearance: none;
  appearance: none;
  display: -webkit-box;
  display: -webkit-flex;
  display: -ms-flexbox;
  display: flex;
  line-height: inherit;
  font-family: Nunito Sans;
  font-weight: bold;
  text-align: center;
  -webkit-text-decoration: none;
  text-decoration: none;
  cursor: pointer;
  outline: none;
  border: 0;
  -webkit-flex-direction: row;
  -ms-flex-direction: row;
  flex-direction: row;
  width: 100%;
  -webkit-align-items: center;
  -webkit-box-align: center;
  -ms-flex-align: center;
  align-items: center;
  white-space: nowrap;
  position: relative;
}

.c11 {
  display: none;
}

input:checked:not(:disabled) ~ .c10 {
  display: block;
}

.c14 {
  display: none;
}

input:not(:checked):not(:disabled) ~ .c13 {
  display: block;
}

.c18 {
  display: none;
}

input:checked:disabled ~ .c17 {
  display: block;
}

.c16 {
  display: none;
}

input:disabled:not(:checked) ~ .c15 {
  display: block;
}

@media screen and (min-width:40em) {

}

@media screen and (min-width:40em) {

}

@media screen and (min-width:40em) {

}

<div
  className="c0 c1"
>
  <div
    className="c0 c2"
  >
    <button
      className="c0 c3"
      onClick={[Function]}
      type="button"
    >
      <i
        className="icon-cerrar"
        style={
          {
            "fontSize": "14px",
            "height": "14px",
            "width": "14px",
          }
        }
      />
    </button>
  </div>
  <li
    className="c0 c4"
    width={1}
  >
    <div
      style={
        {
          "width": "100%",
        }
      }
    >
      <div
        className="c0 c5"
      >
        <button
          className="c0 c6"
          onClick={[Function]}
          style={
            {
              "borderRadius": "0px",
            }
          }
          type="button"
        >
          <div
            className="c0 c7"
          >
            <input
              className="c0 c8"
              defaultChecked={false}
              disabled={true}
              type="checkbox"
            />
            <svg
              aria-hidden="true"
              className="c0 c9 c10 c11 c0 c12"
              fill="none"
              height={16}
              viewBox="0 0 16 16"
              width={16}
              xmlns="http://www.w3.org/2000/svg"
            >
              <rect
                fill="#6A88F2"
                height="15"
                rx="4"
                ry="4"
                stroke="#6A88F2"
                width="15"
                x="0.5"
                y="0.5"
              />
              <path
                d="M 5,8 L 7,10 L 12,5"
                stroke="white"
                strokeLinecap="round"
                strokeWidth="1.5"
              />
            </svg>
            <svg
              aria-hidden="true"
              className="c0 c9 c13 c14 c0 c12"
              fill="none"
              height={16}
              viewBox="0 0 16 16"
              width={16}
              xmlns="http://www.w3.org/2000/svg"
            >
              <rect
                fill="white"
                height="15"
                rx="4"
                ry="4"
                stroke="#C1CCD0"
                width="15"
                x="0.5"
                y="0.5"
              />
            </svg>
            <svg
              aria-hidden="true"
              className="c0 c9 c15 c16 c0 c12"
              fill="none"
              height={16}
              viewBox="0 0 16 16"
              width={16}
              xmlns="http://www.w3.org/2000/svg"
            >
              <rect
                fill="#EFF2F3"
                height="15"
                rx="4"
                ry="4"
                stroke="#EFF2F3"
                width="15"
                x="0.5"
                y="0.5"
              />
            </svg>
            <svg
              aria-hidden="true"
              className="c0 c9 c17 c18 c0 c12"
              fill="none"
              height={16}
              viewBox="0 0 16 16"
              width={16}
              xmlns="http://www.w3.org/2000/svg"
            >
              <rect
                fill="#EFF2F3"
                height="15"
                rx="4"
                ry="4"
                stroke="#EFF2F3"
                width="15"
                x="0.5"
                y="0.5"
              />
              <path
                d="M 5,8 L 7,10 L 12,5"
                stroke="#C1CCD0"
                strokeLinecap="round"
                strokeWidth="1.5"
              />
            </svg>
          </div>
          <span
            style={
              {
                "color": "#C7D1D7",
                "fontWeight": "normal",
              }
            }
          >
            <p
              className="c0 c19"
              style={
                {
                  "padding": "9px 12px 9px 12px",
                }
              }
            >
              One
            </p>
          </span>
        </button>
      </div>
    </div>
  </li>
  <li
    className="c0 c20"
    width={1}
  >
    <div
      style={
        {
          "width": "100%",
        }
      }
    >
      <div
        className="c0 c5"
      >
        <button
          className="c0 c21"
          onClick={[Function]}
          style={
            {
              "borderRadius": "0px",
            }
          }
          type="button"
        >
          <div
            className="c0 c7"
          >
            <input
              className="c0 c8"
              defaultChecked={true}
              disabled={false}
              type="checkbox"
            />
            <svg
              aria-hidden="true"
              className="c0 c9 c10 c11 c0 c12"
              fill="none"
              height={16}
              viewBox="0 0 16 16"
              width={16}
              xmlns="http://www.w3.org/2000/svg"
            >
              <rect
                fill="#6A88F2"
                height="15"
                rx="4"
                ry="4"
                stroke="#6A88F2"
                width="15"
                x="0.5"
                y="0.5"
              />
              <path
                d="M 5,8 L 7,10 L 12,5"
                stroke="white"
                strokeLinecap="round"
                strokeWidth="1.5"
              />
            </svg>
            <svg
              aria-hidden="true"
              className="c0 c9 c13 c14 c0 c12"
              fill="none"
              height={16}
              viewBox="0 0 16 16"
              width={16}
              xmlns="http://www.w3.org/2000/svg"
            >
              <rect
                fill="white"
                height="15"
                rx="4"
                ry="4"
                stroke="#C1CCD0"
                width="15"
                x="0.5"
                y="0.5"
              />
            </svg>
            <svg
              aria-hidden="true"
              className="c0 c9 c15 c16 c0 c12"
              fill="none"
              height={16}
              viewBox="0 0 16 16"
              width={16}
              xmlns="http://www.w3.org/2000/svg"
            >
              <rect
                fill="#EFF2F3"
                height="15"
                rx="4"
                ry="4"
                stroke="#EFF2F3"
                width="15"
                x="0.5"
                y="0.5"
              />
            </svg>
            <svg
              aria-hidden="true"
              className="c0 c9 c17 c18 c0 c12"
              fill="none"
              height={16}
              viewBox="0 0 16 16"
              width={16}
              xmlns="http://www.w3.org/2000/svg"
            >
              <rect
                fill="#EFF2F3"
                height="15"
                rx="4"
                ry="4"
                stroke="#EFF2F3"
                width="15"
                x="0.5"
                y="0.5"
              />
              <path
                d="M 5,8 L 7,10 L 12,5"
                stroke="#C1CCD0"
                strokeLinecap="round"
                strokeWidth="1.5"
              />
            </svg>
          </div>
          <span
            style={
              {
                "color": "#344149",
                "fontWeight": "bold",
              }
            }
          >
            <p
              className="c0 c19"
              style={
                {
                  "padding": "9px 12px 9px 12px",
                }
              }
            >
              Two
            </p>
          </span>
        </button>
      </div>
    </div>
  </li>
</div>
`;

exports[`Dropdown DropdownMultiselect 1`] = `
.c0 {
  box-sizing: border-box;
  margin: 0;
  min-width: 0;
  position: relative;
  height: 200px;
}

.c1 {
  box-sizing: border-box;
  margin: 0;
  min-width: 0;
  position: relative;
}

.c2 {
  box-sizing: border-box;
  margin: 0;
  min-width: 0;
  -webkit-appearance: none;
  -moz-appearance: none;
  appearance: none;
  display: -webkit-box;
  display: -webkit-flex;
  display: -ms-flexbox;
  display: flex;
  line-height: inherit;
  font-family: Nunito Sans;
  text-align: center;
  -webkit-text-decoration: none;
  text-decoration: none;
  cursor: pointer;
  outline: none;
  border: 0;
  -webkit-flex-direction: row;
  -ms-flex-direction: row;
  flex-direction: row;
  -webkit-align-items: center;
  -webkit-box-align: center;
  -ms-flex-align: center;
  align-items: center;
  white-space: nowrap;
  -webkit-box-pack: center;
  -webkit-justify-content: center;
  -ms-flex-pack: center;
  justify-content: center;
  font-weight: bold;
  border-radius: 12px;
  display: -webkit-box;
  display: -webkit-flex;
  display: -ms-flexbox;
  display: flex;
  -webkit-flex-direction: row;
  -ms-flex-direction: row;
  flex-direction: row;
  -webkit-align-items: center;
  -webkit-box-align: center;
  -ms-flex-align: center;
  align-items: center;
  text-overflow: ellipsis;
  font-family: Nunito Sans;
  overflow: hidden;
  white-space: nowrap;
  text-align: start;
  -webkit-box-pack: start;
  -webkit-justify-content: flex-start;
  -ms-flex-pack: start;
  justify-content: flex-start;
}

.c2 span {
  -webkit-flex: 1;
  -ms-flex: 1;
  flex: 1;
}

@media screen and (min-width:40em) {

}

<div
  className="c0"
>
  <div
    className="c1"
  >
    <button
      className="c2"
      onClick={[Function]}
      type="button"
    >
      <span />
      <i
        className="icon-dropdown"
        style={
          {
            "fontSize": "12px",
            "height": "12px",
            "width": "12px",
          }
        }
      />
    </button>
  </div>
</div>
`;

exports[`Dropdown DropdownMultiselect 2`] = `
.c0 {
  box-sizing: border-box;
  margin: 0;
  min-width: 0;
  position: relative;
  height: 200px;
}

.c1 {
  box-sizing: border-box;
  margin: 0;
  min-width: 0;
  position: relative;
}

.c2 {
  box-sizing: border-box;
  margin: 0;
  min-width: 0;
  -webkit-appearance: none;
  -moz-appearance: none;
  appearance: none;
  display: -webkit-box;
  display: -webkit-flex;
  display: -ms-flexbox;
  display: flex;
  line-height: inherit;
  font-family: Nunito Sans;
  font-weight: 400;
  text-align: center;
  -webkit-text-decoration: none;
  text-decoration: none;
  cursor: pointer;
  outline: none;
  border: 0;
  -webkit-flex-direction: row;
  -ms-flex-direction: row;
  flex-direction: row;
  -webkit-box-pack: center;
  -webkit-justify-content: center;
  -ms-flex-pack: center;
  justify-content: center;
  -webkit-align-items: center;
  -webkit-box-align: center;
  -ms-flex-align: center;
  align-items: center;
  white-space: nowrap;
  position: relative;
}

@media screen and (min-width:40em) {

}

<div
  className="c0"
>
  <div
    className="c1"
  >
    <button
      className="c2"
      type="button"
    >
      <i
        className="icon-configuracion"
        style={
          {
            "fontSize": 14,
            "height": 14,
            "width": 14,
          }
        }
      />
    </button>
  </div>
</div>
`;

exports[`Dropdown DropdownMultiselect 3`] = `ReactWrapper {}`;

exports[`Dropdown DropdownSelection 1`] = `
.c0 {
  box-sizing: border-box;
  margin: 0;
  min-width: 0;
  position: relative;
  height: 200px;
  width: 250px;
}

.c1 {
  box-sizing: border-box;
  margin: 0;
  min-width: 0;
  position: relative;
}

.c2 {
  box-sizing: border-box;
  margin: 0;
  min-width: 0;
  -webkit-appearance: none;
  -moz-appearance: none;
  appearance: none;
  display: -webkit-box;
  display: -webkit-flex;
  display: -ms-flexbox;
  display: flex;
  line-height: inherit;
  font-family: Nunito Sans;
  text-align: center;
  -webkit-text-decoration: none;
  text-decoration: none;
  cursor: pointer;
  outline: none;
  border: 0;
  -webkit-flex-direction: row;
  -ms-flex-direction: row;
  flex-direction: row;
  -webkit-align-items: center;
  -webkit-box-align: center;
  -ms-flex-align: center;
  align-items: center;
  white-space: nowrap;
  -webkit-box-pack: center;
  -webkit-justify-content: center;
  -ms-flex-pack: center;
  justify-content: center;
  font-weight: bold;
  border-radius: 12px;
  display: -webkit-box;
  display: -webkit-flex;
  display: -ms-flexbox;
  display: flex;
  -webkit-flex-direction: row;
  -ms-flex-direction: row;
  flex-direction: row;
  -webkit-align-items: center;
  -webkit-box-align: center;
  -ms-flex-align: center;
  align-items: center;
  text-overflow: ellipsis;
  font-family: Nunito Sans;
  overflow: hidden;
  white-space: nowrap;
  text-align: start;
  -webkit-box-pack: start;
  -webkit-justify-content: flex-start;
  -ms-flex-pack: start;
  justify-content: flex-start;
}

.c2 span {
  -webkit-flex: 1;
  -ms-flex: 1;
  flex: 1;
}

@media screen and (min-width:40em) {

}

<div
  className="c0"
  width="250px"
>
  <div
    className="c1"
  >
    <button
      className="c2"
      onClick={[Function]}
      type="button"
    >
      <span>
        Placeholder
      </span>
      <span
        style={
          {
            "color": "#384248",
            "fontWeight": 700,
          }
        }
      >
        Seleccion
      </span>
      <i
        className="icon-dropdown"
        style={
          {
            "fontSize": "12px",
            "height": "12px",
            "width": "12px",
          }
        }
      />
    </button>
  </div>
</div>
`;

exports[`Dropdown DropdownSelectionDisabled 1`] = `
.c0 {
  box-sizing: border-box;
  margin: 0;
  min-width: 0;
  position: relative;
  height: 200px;
  width: 250px;
}

.c1 {
  box-sizing: border-box;
  margin: 0;
  min-width: 0;
  position: relative;
}

.c2 {
  box-sizing: border-box;
  margin: 0;
  min-width: 0;
  -webkit-appearance: none;
  -moz-appearance: none;
  appearance: none;
  display: -webkit-box;
  display: -webkit-flex;
  display: -ms-flexbox;
  display: flex;
  line-height: inherit;
  font-family: Nunito Sans;
  text-align: center;
  -webkit-text-decoration: none;
  text-decoration: none;
  cursor: pointer;
  outline: none;
  border: 0;
  -webkit-flex-direction: row;
  -ms-flex-direction: row;
  flex-direction: row;
  -webkit-align-items: center;
  -webkit-box-align: center;
  -ms-flex-align: center;
  align-items: center;
  white-space: nowrap;
  -webkit-box-pack: center;
  -webkit-justify-content: center;
  -ms-flex-pack: center;
  justify-content: center;
  font-weight: bold;
  border-radius: 12px;
  display: -webkit-box;
  display: -webkit-flex;
  display: -ms-flexbox;
  display: flex;
  -webkit-flex-direction: row;
  -ms-flex-direction: row;
  flex-direction: row;
  -webkit-align-items: center;
  -webkit-box-align: center;
  -ms-flex-align: center;
  align-items: center;
  text-overflow: ellipsis;
  font-family: Nunito Sans;
  overflow: hidden;
  white-space: nowrap;
  text-align: start;
  -webkit-box-pack: start;
  -webkit-justify-content: flex-start;
  -ms-flex-pack: start;
  justify-content: flex-start;
}

.c2 span {
  -webkit-flex: 1;
  -ms-flex: 1;
  flex: 1;
}

@media screen and (min-width:40em) {

}

<div
  className="c0"
  width="250px"
>
  <div
    className="c1"
  >
    <button
      className="c2"
      type="button"
    >
      <span>
        Placeholder
      </span>
      <span
        style={
          {
            "color": "#AEBAC0",
            "fontWeight": 700,
          }
        }
      >
        Seleccion
      </span>
      <i
        className="icon-dropdown"
        style={
          {
            "fontSize": "12px",
            "height": "12px",
            "width": "12px",
          }
        }
      />
    </button>
  </div>
</div>
`;

exports[`Dropdown DropdownText 1`] = `
.c0 {
  box-sizing: border-box;
  margin: 0;
  min-width: 0;
  position: relative;
  height: 200px;
}

<div
  className="c0"
/>
`;

exports[`Dropdown default 1`] = `ShallowWrapper {}`;
