// Jest Snapshot v1, https://goo.gl/fbAQLP

exports[`ContainerMenu renders correctly with only headers 1`] = `
.c0 {
  box-sizing: border-box;
  margin: 0;
  min-width: 0;
  position: relative;
  font-family: Nunito Sans;
  display: -webkit-box;
  display: -webkit-flex;
  display: -ms-flexbox;
  display: flex;
  -webkit-flex-direction: column;
  -ms-flex-direction: column;
  flex-direction: column;
  padding: 12px;
  gap: 16px;
  width: 252px;
  height: 325px;
}

.c1 {
  box-sizing: border-box;
  margin: 0;
  min-width: 0;
  display: -webkit-box;
  display: -webkit-flex;
  display: -ms-flexbox;
  display: flex;
  -webkit-flex-direction: row;
  -ms-flex-direction: row;
  flex-direction: row;
  -webkit-align-items: center;
  -webkit-box-align: center;
  -ms-flex-align: center;
  align-items: center;
  gap: 10px;
}

.c2 {
  box-sizing: border-box;
  margin: 0;
  min-width: 0;
  display: grid;
  place-items: center;
  width: 18px;
  height: 18px;
}

.c3 {
  box-sizing: border-box;
  margin: 0;
  min-width: 0;
  font-family: primary;
}

.c4 {
  box-sizing: border-box;
  margin: 0;
  min-width: 0;
  position: absolute;
  right: 13px;
  top: 12px;
}

.c5 {
  box-sizing: border-box;
  margin: 0;
  min-width: 0;
  position: relative;
}

.c6 {
  box-sizing: border-box;
  margin: 0;
  min-width: 0;
  -webkit-appearance: none;
  -moz-appearance: none;
  appearance: none;
  display: -webkit-box;
  display: -webkit-flex;
  display: -ms-flexbox;
  display: flex;
  line-height: inherit;
  font-family: Nunito Sans;
  font-weight: bold;
  text-align: center;
  -webkit-text-decoration: none;
  text-decoration: none;
  cursor: pointer;
  outline: none;
  border: 0;
  -webkit-flex-direction: row;
  -ms-flex-direction: row;
  flex-direction: row;
  -webkit-box-pack: center;
  -webkit-justify-content: center;
  -ms-flex-pack: center;
  justify-content: center;
  -webkit-align-items: center;
  -webkit-box-align: center;
  -ms-flex-align: center;
  align-items: center;
  white-space: nowrap;
  position: relative;
}

.c7 {
  box-sizing: border-box;
  margin: 0;
  min-width: 0;
  display: grid;
  place-items: center;
  width: 12px;
  height: 12px;
}

@media screen and (min-width:40em) {

}

<div
  className="c0"
>
  <div
    className="c1"
  >
    <div
      className="c2"
      style={
        {
          "color": "#DF1E02",
          "marginTop": "2px",
        }
      }
    >
      <i
        className="icon-favoritos"
        style={
          {
            "fontSize": "18px",
            "height": "18px",
            "width": "18px",
          }
        }
      />
    </div>
    <p
      className="c3"
      style={
        {
          "color": "#384248",
          "marginTop": "6px",
        }
      }
    >
      Favoritos
    </p>
  </div>
  <div
    className="c4"
  >
    <div
      className="c5"
    >
      <button
        className="c6"
        type="button"
      >
        <div
          className="c7"
        >
          <i
            className="icon-configuracion"
            style={
              {
                "fontSize": "12px",
                "height": "12px",
                "width": "12px",
              }
            }
          />
        </div>
      </button>
    </div>
  </div>
</div>
`;
